// Jest Snapshot v1, https://goo.gl/fbAQLP

exports[`<Icon /> should render icon type correctly 1`] = `
<i
  className="fa fa-github"
/>
`;
