// Jest Snapshot v1, https://goo.gl/fbAQLP

exports[`<Img /> should render icon type correctly 1`] = `
.c0 img,
.c0 div {
  margin-right: 15px;
  width: 50px;
  height: 50px;
  border: solid 2px #eee;
}

.c0 div {
  display: -webkit-box;
  display: -webkit-flex;
  display: -ms-flexbox;
  display: flex;
  -webkit-flex-direction: column;
  -ms-flex-direction: column;
  flex-direction: column;
  -webkit-box-pack: center;
  -webkit-justify-content: center;
  -ms-flex-pack: center;
  justify-content: center;
  -webkit-align-items: center;
  -webkit-box-align: center;
  -ms-flex-align: center;
  align-items: center;
  background-color: #eee;
}

.c0 img,
.c0 div {
  border-radius: 50%;
}

<div
  className="c0"
>
  <div>
    <i
      className="fa fa-users"
    />
  </div>
</div>
`;
