// Jest Snapshot v1, https://goo.gl/fbAQLP

exports[`<H2 /> should render correctly 1`] = `
.c0 {
  color: #595959;
  font-size: 1.5rem;
  font-family: 'Inconsolata';
  -webkit-letter-spacing: 1px;
  -moz-letter-spacing: 1px;
  -ms-letter-spacing: 1px;
  letter-spacing: 1px;
}

<h2
  className="c0"
/>
`;
